../Core/Src/main.c:89:5:main	5
../Core/Src/main.c:161:6:SystemClock_Config	3
../Core/Src/main.c:208:13:MX_ADC1_Init	3
../Core/Src/main.c:260:13:MX_I2C1_Init	2
../Core/Src/main.c:294:13:MX_TIM1_Init	4
../Core/Src/main.c:341:13:MX_TIM2_Init	5
../Core/Src/main.c:391:13:MX_DMA_Init	1
../Core/Src/main.c:413:13:MX_GPIO_Init	1
../Core/Src/main.c:441:6:map_wave_to_ssd1306	11
../Core/Src/main.c:480:6:HAL_ADC_ConvHalfCpltCallback	1
../Core/Src/main.c:485:6:HAL_ADC_ConvCpltCallback	1
../Core/Src/main.c:491:6:HAL_I2C_MasterTxCpltCallback	1
../Core/Src/main.c:495:6:HAL_I2C_ErrorCallback	1
../Core/Src/main.c:506:6:Error_Handler	1
