../Core/Src/main.c:90:5:main	4
../Core/Src/main.c:163:6:SystemClock_Config	3
../Core/Src/main.c:210:13:MX_ADC1_Init	3
../Core/Src/main.c:262:13:MX_I2C1_Init	2
../Core/Src/main.c:296:13:MX_TIM1_Init	4
../Core/Src/main.c:343:13:MX_TIM2_Init	5
../Core/Src/main.c:393:13:MX_DMA_Init	1
../Core/Src/main.c:415:13:MX_GPIO_Init	1
../Core/Src/main.c:443:6:map_wave_to_ssd1306	10
../Core/Src/main.c:482:6:HAL_ADC_ConvHalfCpltCallback	1
../Core/Src/main.c:486:6:HAL_ADC_ConvCpltCallback	1
../Core/Src/main.c:491:6:HAL_I2C_MasterTxCpltCallback	1
../Core/Src/main.c:495:6:HAL_I2C_ErrorCallback	1
../Core/Src/main.c:506:6:Error_Handler	1
