../Core/Src/main.c:89:5:main	8	static
../Core/Src/main.c:160:6:SystemClock_Config	88	static
../Core/Src/main.c:207:13:MX_ADC1_Init	24	static
../Core/Src/main.c:259:13:MX_I2C1_Init	8	static
../Core/Src/main.c:293:13:MX_TIM1_Init	40	static
../Core/Src/main.c:340:13:MX_TIM2_Init	56	static
../Core/Src/main.c:390:13:MX_DMA_Init	16	static
../Core/Src/main.c:412:13:MX_GPIO_Init	40	static
../Core/Src/main.c:440:6:map_wave_to_ssd1306	64	static
../Core/Src/main.c:479:6:HAL_ADC_ConvHalfCpltCallback	16	static
../Core/Src/main.c:484:6:HAL_ADC_ConvCpltCallback	16	static
../Core/Src/main.c:490:6:HAL_I2C_MasterTxCpltCallback	16	static
../Core/Src/main.c:500:6:Error_Handler	4	static,ignoring_inline_asm
