../Core/Src/ssd1306.c:52:9:SSD1306_Init	16	static
../Core/Src/ssd1306.c:139:6:SSD1306_UpdateScreen	8	static
../Core/Src/ssd1306.c:164:6:SSD1306_ToggleInvert	16	static
../Core/Src/ssd1306.c:176:6:SSD1306_Fill	16	static
../Core/Src/ssd1306.c:181:6:SSD1306_DrawPixel	16	static
../Core/Src/ssd1306.c:203:6:SSD1306_GotoXY	16	static
../Core/Src/ssd1306.c:209:6:SSD1306_Putc	32	static
../Core/Src/ssd1306.c:240:6:SSD1306_Puts	24	static
../Core/Src/ssd1306.c:258:6:SSD1306_DrawLine	40	static
../Core/Src/ssd1306.c:342:6:SSD1306_DrawRectangle	32	static
../Core/Src/ssd1306.c:367:6:SSD1306_DrawFilledRectangle	40	static
../Core/Src/ssd1306.c:394:6:SSD1306_DrawTriangle	32	static
../Core/Src/ssd1306.c:402:6:SSD1306_DrawFilledTriangle	64	static
../Core/Src/ssd1306.c:458:6:SSD1306_DrawCircle	40	static
../Core/Src/ssd1306.c:492:6:SSD1306_DrawFilledCircle	48	static
../Core/Src/ssd1306.c:524:6:SSD1306_ScrollRight	16	static
../Core/Src/ssd1306.c:537:6:SSD1306_ScrollLeft	16	static
../Core/Src/ssd1306.c:550:6:SSD1306_Scrolldiagright	16	static
../Core/Src/ssd1306.c:566:6:SSD1306_Scrolldiagleft	16	static
../Core/Src/ssd1306.c:582:6:SSD1306_Stopscroll	8	static
../Core/Src/ssd1306.c:589:6:SSD1306_InvertDisplay	16	static
../Core/Src/ssd1306.c:598:6:SSD1306_DrawBitmap	32	static
../Core/Src/ssd1306.c:621:6:SSD1306_Clear	8	static
../Core/Src/ssd1306.c:626:6:SSD1306_ON	8	static
../Core/Src/ssd1306.c:631:6:SSD1306_OFF	8	static
../Core/Src/ssd1306.c:647:6:ssd1306_I2C_Init	16	static
../Core/Src/ssd1306.c:659:6:ssd1306_I2C_WriteMulti	296	static
../Core/Src/ssd1306.c:669:6:ssd1306_I2C_Write	32	static
../Core/Src/ssd1306.c:676:6:SSD1306_UpdateScreen_DMA	4	static
