../Core/Src/ssd1306.c:52:9:SSD1306_Init	16	static
../Core/Src/ssd1306.c:139:6:SSD1306_UpdateScreen	8	static
../Core/Src/ssd1306.c:163:6:SSD1306_ToggleInvert	16	static
../Core/Src/ssd1306.c:175:6:SSD1306_Fill	16	static
../Core/Src/ssd1306.c:180:6:SSD1306_DrawPixel	16	static
../Core/Src/ssd1306.c:202:6:SSD1306_GotoXY	16	static
../Core/Src/ssd1306.c:208:6:SSD1306_Putc	32	static
../Core/Src/ssd1306.c:239:6:SSD1306_Puts	24	static
../Core/Src/ssd1306.c:257:6:SSD1306_DrawLine	40	static
../Core/Src/ssd1306.c:341:6:SSD1306_DrawRectangle	32	static
../Core/Src/ssd1306.c:366:6:SSD1306_DrawFilledRectangle	40	static
../Core/Src/ssd1306.c:393:6:SSD1306_DrawTriangle	32	static
../Core/Src/ssd1306.c:401:6:SSD1306_DrawFilledTriangle	64	static
../Core/Src/ssd1306.c:457:6:SSD1306_DrawCircle	40	static
../Core/Src/ssd1306.c:491:6:SSD1306_DrawFilledCircle	48	static
../Core/Src/ssd1306.c:523:6:SSD1306_ScrollRight	16	static
../Core/Src/ssd1306.c:536:6:SSD1306_ScrollLeft	16	static
../Core/Src/ssd1306.c:549:6:SSD1306_Scrolldiagright	16	static
../Core/Src/ssd1306.c:565:6:SSD1306_Scrolldiagleft	16	static
../Core/Src/ssd1306.c:581:6:SSD1306_Stopscroll	8	static
../Core/Src/ssd1306.c:588:6:SSD1306_InvertDisplay	16	static
../Core/Src/ssd1306.c:597:6:SSD1306_DrawBitmap	32	static
../Core/Src/ssd1306.c:620:6:SSD1306_Clear	8	static
../Core/Src/ssd1306.c:625:6:SSD1306_ON	8	static
../Core/Src/ssd1306.c:630:6:SSD1306_OFF	8	static
../Core/Src/ssd1306.c:646:6:ssd1306_I2C_Init	16	static
../Core/Src/ssd1306.c:658:6:ssd1306_I2C_WriteMulti	296	static
../Core/Src/ssd1306.c:668:6:ssd1306_I2C_Write	32	static
