../Core/Src/ssd1306.c:51:9:SSD1306_Init	16	static
../Core/Src/ssd1306.c:138:6:SSD1306_UpdateScreen	8	static
../Core/Src/ssd1306.c:152:6:SSD1306_ToggleInvert	16	static
../Core/Src/ssd1306.c:164:6:SSD1306_Fill	16	static
../Core/Src/ssd1306.c:169:6:SSD1306_DrawPixel	16	static
../Core/Src/ssd1306.c:191:6:SSD1306_GotoXY	16	static
../Core/Src/ssd1306.c:197:6:SSD1306_Putc	32	static
../Core/Src/ssd1306.c:228:6:SSD1306_Puts	24	static
../Core/Src/ssd1306.c:246:6:SSD1306_DrawLine	40	static
../Core/Src/ssd1306.c:330:6:SSD1306_DrawRectangle	32	static
../Core/Src/ssd1306.c:355:6:SSD1306_DrawFilledRectangle	40	static
../Core/Src/ssd1306.c:382:6:SSD1306_DrawTriangle	32	static
../Core/Src/ssd1306.c:390:6:SSD1306_DrawFilledTriangle	64	static
../Core/Src/ssd1306.c:446:6:SSD1306_DrawCircle	40	static
../Core/Src/ssd1306.c:480:6:SSD1306_DrawFilledCircle	48	static
../Core/Src/ssd1306.c:512:6:SSD1306_ScrollRight	16	static
../Core/Src/ssd1306.c:525:6:SSD1306_ScrollLeft	16	static
../Core/Src/ssd1306.c:538:6:SSD1306_Scrolldiagright	16	static
../Core/Src/ssd1306.c:554:6:SSD1306_Scrolldiagleft	16	static
../Core/Src/ssd1306.c:570:6:SSD1306_Stopscroll	8	static
../Core/Src/ssd1306.c:577:6:SSD1306_InvertDisplay	16	static
../Core/Src/ssd1306.c:586:6:SSD1306_DrawBitmap	32	static
../Core/Src/ssd1306.c:609:6:SSD1306_Clear	8	static
../Core/Src/ssd1306.c:614:6:SSD1306_ON	8	static
../Core/Src/ssd1306.c:619:6:SSD1306_OFF	8	static
../Core/Src/ssd1306.c:635:6:ssd1306_I2C_Init	16	static
../Core/Src/ssd1306.c:647:6:ssd1306_I2C_WriteMulti	296	static
../Core/Src/ssd1306.c:657:6:ssd1306_I2C_Write	32	static
