../Core/Src/main.c:89:5:main	8	static
../Core/Src/main.c:152:6:SystemClock_Config	88	static
../Core/Src/main.c:199:13:MX_ADC1_Init	24	static
../Core/Src/main.c:251:13:MX_I2C1_Init	8	static
../Core/Src/main.c:285:13:MX_TIM1_Init	40	static
../Core/Src/main.c:332:13:MX_TIM2_Init	56	static
../Core/Src/main.c:382:13:MX_DMA_Init	16	static
../Core/Src/main.c:404:13:MX_GPIO_Init	40	static
../Core/Src/main.c:432:6:map_wave_to_ssd1306	64	static
../Core/Src/main.c:471:6:HAL_ADC_ConvHalfCpltCallback	16	static
../Core/Src/main.c:476:6:HAL_ADC_ConvCpltCallback	16	static
../Core/Src/main.c:489:6:Error_Handler	4	static,ignoring_inline_asm
